{
  "version": "1.5.0",
  "plugins_used": [
    {
      "name": "ArtifactoryDetector"
    },
    {
      "name": "AWSKeyDetector"
    },
    {
      "name": "AzureStorageKeyDetector"
    },
    {
      "name": "Base64HighEntropyString",
      "limit": 4.5
    },
    {
      "name": "BasicAuthDetector"
    },
    {
      "name": "CloudantDetector"
    },
    {
      "name": "DiscordBotTokenDetector"
    },
    {
      "name": "GitHubTokenDetector"
    },
    {
      "name": "GitLabTokenDetector"
    },
    {
      "name": "HexHighEntropyString",
      "limit": 3.0
    },
    {
      "name": "IbmCloudIamDetector"
    },
    {
      "name": "IbmCosHmacDetector"
    },
    {
      "name": "IPPublicDetector"
    },
    {
      "name": "JwtTokenDetector"
    },
    {
      "name": "KeywordDetector",
      "keyword_exclude": ""
    },
    {
      "name": "MailchimpDetector"
    },
    {
      "name": "NpmDetector"
    },
    {
      "name": "OpenAIDetector"
    },
    {
      "name": "PrivateKeyDetector"
    },
    {
      "name": "PypiTokenDetector"
    },
    {
      "name": "SendGridDetector"
    },
    {
      "name": "SlackDetector"
    },
    {
      "name": "SoftlayerDetector"
    },
    {
      "name": "SquareOAuthDetector"
    },
    {
      "name": "StripeDetector"
    },
    {
      "name": "TelegramBotTokenDetector"
    },
    {
      "name": "TwilioKeyDetector"
    }
  ],
  "filters_used": [
    {
      "path": "detect_secrets.filters.allowlist.is_line_allowlisted"
    },
    {
      "path": "detect_secrets.filters.common.is_baseline_file",
      "filename": ".secrets.baseline"
    },
    {
      "path": "detect_secrets.filters.common.is_ignored_due_to_verification_policies",
      "min_level": 2
    },
    {
      "path": "detect_secrets.filters.heuristic.is_indirect_reference"
    },
    {
      "path": "detect_secrets.filters.heuristic.is_likely_id_string"
    },
    {
      "path": "detect_secrets.filters.heuristic.is_lock_file"
    },
    {
      "path": "detect_secrets.filters.heuristic.is_not_alphanumeric_string"
    },
    {
      "path": "detect_secrets.filters.heuristic.is_potential_uuid"
    },
    {
      "path": "detect_secrets.filters.heuristic.is_prefixed_with_dollar_sign"
    },
    {
      "path": "detect_secrets.filters.heuristic.is_sequential_string"
    },
    {
      "path": "detect_secrets.filters.heuristic.is_swagger_file"
    },
    {
      "path": "detect_secrets.filters.heuristic.is_templated_secret"
    }
  ],
  "results": {
    "configs/partition/full_gnll/fold0.yaml": [
      {
        "type": "Base64 High Entropy String",
        "filename": "configs/partition/full_gnll/fold0.yaml",
        "hashed_secret": "2817f6e3cccef82bff149eb5f178b40023774643",
        "is_verified": false,
        "line_number": 22
      }
    ],
    "configs/partition/full_gnll/fold2.yaml": [
      {
        "type": "Base64 High Entropy String",
        "filename": "configs/partition/full_gnll/fold2.yaml",
        "hashed_secret": "d73731ae8018adfb9fff7381ad7191eba30ddba1",
        "is_verified": false,
        "line_number": 22
      }
    ],
    "configs/partition/full_gnll/fold3.yaml": [
      {
        "type": "Base64 High Entropy String",
        "filename": "configs/partition/full_gnll/fold3.yaml",
        "hashed_secret": "da080154d19ee405eb1ef9fb8477e6e5c54428fb",
        "is_verified": false,
        "line_number": 22
      }
    ],
    "configs/partition/full_gnll/fold4.yaml": [
      {
        "type": "Base64 High Entropy String",
        "filename": "configs/partition/full_gnll/fold4.yaml",
        "hashed_secret": "679aa17c801fcb2e1614c337765bb0908fdb3d77",
        "is_verified": false,
        "line_number": 22
      }
    ],
    "configs/partition/full_mse_v2/fold0.yaml": [
      {
        "type": "Base64 High Entropy String",
        "filename": "configs/partition/full_mse_v2/fold0.yaml",
        "hashed_secret": "0d8f42a597ca45b4533bb470b81c6e2cbadcacce",
        "is_verified": false,
        "line_number": 22
      }
    ],
    "configs/partition/full_mse_v2/fold3.yaml": [
      {
        "type": "Base64 High Entropy String",
        "filename": "configs/partition/full_mse_v2/fold3.yaml",
        "hashed_secret": "1e9bb98034a4a92fdb1282da8758910edaafd54b",
        "is_verified": false,
        "line_number": 22
      }
    ],
    "configs/partition/full_mse_v2/fold4.yaml": [
      {
        "type": "Base64 High Entropy String",
        "filename": "configs/partition/full_mse_v2/fold4.yaml",
        "hashed_secret": "06b0f027314128750555a6c4b2d70fd9d3ad8598",
        "is_verified": false,
        "line_number": 22
      }
    ]
  },
  "generated_at": "2026-08-20T22:31:36Z"
}
